// Jest Snapshot v1, https://goo.gl/fbAQLP

exports[`Renders PatientHome hierarchy 1`] = `
<div
  className="patient-home"
>
  <div>
    <HorizontalTimeline
      containerHeight={100}
      containerWidth={800}
      fillingMotion={
        Object {
          "damping": 25,
          "stiffness": 150,
        }
      }
      keyBoardEnabled={true}
      linePadding={100}
      maxEventPadding={120}
      minEventPadding={20}
      numScreens={1}
      styles={
        Object {
          "background": "#dfdfdf",
          "foreground": "#00c5cc",
          "outline": "#dfdfdf",
        }
      }
      time={0.5}
    />
    <PatientScreenWrapper
      className="screens"
      handleSpaceBar={[Function]}
      idx={0}
      screens={
        Array [
          Object {
            "id": 4,
            "timer": 4,
            "title": "test",
            "type": "question",
          },
        ]
      }
    />
  </div>
</div>
`;

exports[`shows error component if camera is disabled 1`] = `
<div
  className="patient-home"
>
  <Error
    msg="Whoops, seems like your camera isn't working!"
  />
</div>
`;
